../Core/Src/main.c:78:5:main	8	static
../Core/Src/main.c:127:6:SystemClock_Config	88	static
../Core/Src/main.c:173:13:MX_ADC1_Init	24	static
../Core/Src/main.c:225:13:MX_I2C1_Init	8	static
../Core/Src/main.c:259:13:MX_TIM1_Init	96	static
../Core/Src/main.c:334:13:MX_TIM2_Init	32	static
../Core/Src/main.c:379:13:MX_TIM9_Init	24	static
../Core/Src/main.c:415:13:MX_DMA_Init	16	static
../Core/Src/main.c:436:13:MX_GPIO_Init	56	static
../Core/Src/main.c:522:6:Error_Handler	4	static,ignoring_inline_asm
